solution 1:
A A A A D E E
B B F C D D E
B B C C C D E

solution 2:
A A A A B B E
F C D D B B E
C C C D D E E

solution 3:
A A A A E E E
F C D D E B B
C C C D D B B

solution 4:
A A A A B B E
F D D C B B E
D D C C C E E

solution 5:
A A A A E E E
F D D C E B B
D D C C C B B

solution 6:
B B E E E F C
B B E D D C C
A A A A D D C

solution 7:
C A A A A E E
C C D D B B E
C D D F B B E

solution 8:
C A A A A D E
C C B B D D E
C F B B D E E

solution 9:
C D D F E E E
C C D D E B B
C A A A A B B

solution 10:
E E E A A A A
E C D D F B B
C C C D D B B

solution 11:
E E E D D B B
E C D D F B B
C C C A A A A

solution 12:
E E E B B F C
E D D B B C C
D D A A A A C

solution 13:
E E E A A A A
E D D C F B B
D D C C C B B

